Archive member included to satisfy reference by file (symbol)

c:/sysgcc/arm-eabi/bin/../lib/gcc/arm-eabi/6.2.0/../../../../arm-eabi/lib/thumb/cortex_m7\libc.a(lib_a-init.o)
                              spy/startup_stm32f4xx.o (__libc_init_array)

Allocating common symbols
Common symbol       size              file

QS_tickTime_        0x4               spy/bsp.o
QK_attr_            0x14              spy/qk.o
uwTick              0x4               spy/stm32f7xx_hal.o
QS_priv_            0x44              spy/qs.o
QS_tickPeriod_      0x4               spy/bsp.o
QF_pool_            0x3c              spy/qf_dyn.o
QF_active_          0x84              spy/qf_act.o
QF_maxPubSignal_    0x4               spy/qf_ps.o
QS_rxPriv_          0x10              spy/qs_rx.o
QF_subscrList_      0x4               spy/qf_ps.o
QF_maxPool_         0x4               spy/qf_dyn.o
QF_timeEvtHead_     0x20              spy/qf_time.o

Discarded input sections

 .text          0x00000000        0x0 spy/qk_port.o
 .data          0x00000000        0x0 spy/qk_port.o
 .bss           0x00000000        0x0 spy/qk_port.o
 .text          0x00000000        0x0 spy/bsp.o
 .data          0x00000000        0x0 spy/bsp.o
 .bss           0x00000000        0x0 spy/bsp.o
 .text.BSP_terminate
                0x00000000        0x2 spy/bsp.o
 .text.HAL_UART_RxCpltCallback
                0x00000000        0x2 spy/bsp.o
 .text.QF_onCleanup
                0x00000000        0x2 spy/bsp.o
 .text.QS_onCleanup
                0x00000000        0x2 spy/bsp.o
 .text          0x00000000        0x0 spy/main.o
 .data          0x00000000        0x0 spy/main.o
 .bss           0x00000000        0x0 spy/main.o
 .text          0x00000000        0x0 spy/philo.o
 .data          0x00000000        0x0 spy/philo.o
 .bss           0x00000000        0x0 spy/philo.o
 .text          0x00000000        0x0 spy/table.o
 .data          0x00000000        0x0 spy/table.o
 .bss           0x00000000        0x0 spy/table.o
 .text          0x00000000        0x0 spy/startup_stm32f4xx.o
 .data          0x00000000        0x0 spy/startup_stm32f4xx.o
 .bss           0x00000000        0x0 spy/startup_stm32f4xx.o
 .text.NMI_Handler
                0x00000000       0x14 spy/startup_stm32f4xx.o
 .text          0x00000000        0x0 spy/system_stm32f7xx.o
 .data          0x00000000        0x0 spy/system_stm32f7xx.o
 .bss           0x00000000        0x0 spy/system_stm32f7xx.o
 .text.SystemCoreClockUpdate
                0x00000000       0x9c spy/system_stm32f7xx.o
 .text          0x00000000        0x0 spy/stm32746g_discovery.o
 .data          0x00000000        0x0 spy/stm32746g_discovery.o
 .bss           0x00000000        0x0 spy/stm32746g_discovery.o
 .text.I2Cx_Init
                0x00000000      0x170 spy/stm32746g_discovery.o
 .text.I2Cx_WriteMultiple
                0x00000000       0x32 spy/stm32746g_discovery.o
 .text.I2Cx_ReadMultiple
                0x00000000       0x32 spy/stm32746g_discovery.o
 .text.BSP_GetVersion
                0x00000000        0x6 spy/stm32746g_discovery.o
 .text.BSP_LED_DeInit
                0x00000000       0x20 spy/stm32746g_discovery.o
 .text.BSP_LED_Toggle
                0x00000000       0x14 spy/stm32746g_discovery.o
 .text.BSP_PB_DeInit
                0x00000000       0x30 spy/stm32746g_discovery.o
 .text.BSP_COM_Init
                0x00000000       0x98 spy/stm32746g_discovery.o
 .text.BSP_COM_DeInit
                0x00000000       0x28 spy/stm32746g_discovery.o
 .text.AUDIO_IO_Init
                0x00000000       0x10 spy/stm32746g_discovery.o
 .text.AUDIO_IO_DeInit
                0x00000000        0x2 spy/stm32746g_discovery.o
 .text.AUDIO_IO_Write
                0x00000000       0x28 spy/stm32746g_discovery.o
 .text.AUDIO_IO_Read
                0x00000000       0x34 spy/stm32746g_discovery.o
 .text.AUDIO_IO_Delay
                0x00000000        0x8 spy/stm32746g_discovery.o
 .text.CAMERA_IO_Init
                0x00000000       0x10 spy/stm32746g_discovery.o
 .text.CAMERA_IO_Write
                0x00000000       0x24 spy/stm32746g_discovery.o
 .text.CAMERA_IO_Read
                0x00000000       0x2c spy/stm32746g_discovery.o
 .text.CAMERA_Delay
                0x00000000        0x8 spy/stm32746g_discovery.o
 .text.EEPROM_IO_Init
                0x00000000       0x10 spy/stm32746g_discovery.o
 .text.EEPROM_IO_WriteData
                0x00000000       0x20 spy/stm32746g_discovery.o
 .text.EEPROM_IO_ReadData
                0x00000000       0x20 spy/stm32746g_discovery.o
 .text.EEPROM_IO_IsDeviceReady
                0x00000000       0x18 spy/stm32746g_discovery.o
 .text.TS_IO_Init
                0x00000000       0x10 spy/stm32746g_discovery.o
 .text.TS_IO_Write
                0x00000000       0x24 spy/stm32746g_discovery.o
 .text.TS_IO_Read
                0x00000000       0x2c spy/stm32746g_discovery.o
 .text.TS_IO_Delay
[...]
Memory Configuration

Name             Origin             Length             Attributes
ROM              0x08000000         0x00100000         xr
RAM              0x20000000         0x00050000         xrw
*default*        0x00000000         0xffffffff

Linker script and memory map

LOAD spy/qk_port.o
LOAD spy/bsp.o
LOAD spy/main.o
LOAD spy/philo.o
LOAD spy/table.o
LOAD spy/startup_stm32f4xx.o
LOAD spy/system_stm32f7xx.o
LOAD spy/stm32746g_discovery.o
LOAD spy/stm32f7xx_hal.o
LOAD spy/stm32f7xx_hal_cortex.o
LOAD spy/stm32f7xx_hal_gpio.o
LOAD spy/stm32f7xx_hal_pwr_ex.o
LOAD spy/stm32f7xx_hal_rcc.o
LOAD spy/stm32f7xx_hal_rcc_ex.o
LOAD spy/stm32f7xx_hal_msp.o
LOAD spy/stm32f7xx_hal_uart.o
LOAD spy/qep_hsm.o
LOAD spy/qep_msm.o
LOAD spy/qf_act.o
LOAD spy/qf_actq.o
LOAD spy/qf_defer.o
LOAD spy/qf_dyn.o
LOAD spy/qf_mem.o
LOAD spy/qf_ps.o
LOAD spy/qf_qact.o
LOAD spy/qf_qeq.o
LOAD spy/qf_qmact.o
LOAD spy/qf_time.o
LOAD spy/qk.o
LOAD spy/qk_mutex.o
LOAD spy/qs.o
LOAD spy/qs_rx.o
LOAD spy/qs_fp.o
LOAD spy/qstamp.o
                0x00000400                STACK_SIZE = 0x400
                0x00000000                HEAP_SIZE = 0x0

.isr_vector     0x08000000      0x1c8
 *(.isr_vector)
 .isr_vector    0x08000000      0x1c8 spy/startup_stm32f4xx.o
                0x08000000                g_pfnVectors
                0x080001c8                . = ALIGN (0x4)

.text           0x080001c8     0x504c
                0x080001c8                . = ALIGN (0x4)
 *(.text)
 .text          0x080001c8       0x4c c:/sysgcc/arm-eabi/bin/../lib/gcc/arm-eabi/6.2.0/../../../../arm-eabi/lib/thumb/cortex_m7\libc.a(lib_a-init.o)
                0x080001c8                __libc_init_array
 *(.text*)
 .text.QK_init  0x08000214       0x70 spy/qk_port.o
                0x08000214                QK_init
 .text.PendSV_Handler
                0x08000284       0x34 spy/qk_port.o
                0x08000284                PendSV_Handler
 .text.Thread_ret
                0x080002b8       0x1c spy/qk_port.o
 .text.NMI_Handler
                0x080002d4        0xa spy/qk_port.o
                0x080002d4                NMI_Handler
 *fill*         0x080002de        0x2 
 .text.SysTick_Handler
                0x080002e0       0x88 spy/bsp.o
                0x080002e0                SysTick_Handler
 .text.USART1_IRQHandler
                0x08000368       0x58 spy/bsp.o
                0x08000368                USART1_IRQHandler
 .text.BSP_displayPaused
                0x080003c0        0x2 spy/bsp.o
                0x080003c0                BSP_displayPaused
 *fill*         0x080003c2        0x2 
 .text.BSP_random
                0x080003c4       0x4c spy/bsp.o
                0x080003c4                BSP_random
 .text.BSP_randomSeed
                0x08000410       0x18 spy/bsp.o
                0x08000410                BSP_randomSeed
 .text.QF_onStartup
                0x08000428       0x5c spy/bsp.o
                0x08000428                QF_onStartup
 .text.QK_onIdle
                0x08000484       0x48 spy/bsp.o
                0x08000484                QK_onIdle
 .text.QS_onStartup
                0x080004cc       0xc0 spy/bsp.o
                0x080004cc                QS_onStartup
 .text.QS_onGetTime
                0x0800058c       0x34 spy/bsp.o
                0x0800058c                QS_onGetTime
 .text.BSP_displayPhilStat
                0x080005c0       0x6c spy/bsp.o
                0x080005c0                BSP_displayPhilStat
 .text.QS_onFlush
                0x0800062c       0x40 spy/bsp.o
                0x0800062c                QS_onFlush
 .text.Q_onAssert
                0x0800066c       0x58 spy/bsp.o
                0x0800066c                Q_onAssert
 .text.BSP_init
                0x080006c4      0x1b0 spy/bsp.o
                0x080006c4                BSP_init
 .text.QS_onReset
                0x08000874       0x24 spy/bsp.o
                0x08000874                QS_onReset
 .text.QS_onCommand
                0x08000898       0x74 spy/bsp.o
                0x08000898                QS_onCommand
 .text.main     0x0800090c      0x140 spy/main.o
                0x0800090c                main
 .text.Philo_initial
                0x08000a4c      0x1d8 spy/philo.o
 .text.Philo_eating
                0x08000c24       0xb0 spy/philo.o
 .text.Philo_hungry
                0x08000cd4       0xa4 spy/philo.o
 .text.Philo_thinking
                0x08000d78       0x9c spy/philo.o
 .text.Philo_ctor
                0x08000e14       0x38 spy/philo.o
                0x08000e14                Philo_ctor
 .text.Table_initial
                0x08000e4c      0x19c spy/table.o
 .text.Table_paused
                0x08000fe8       0xe8 spy/table.o
 .text.Table_active
                0x080010d0       0x2c spy/table.o
 .text.Table_serving
                0x080010fc      0x26c spy/table.o
 .text.Table_ctor
                0x08001368       0x2c spy/table.o
                0x08001368                Table_ctor
 .text.MemManage_Handler
                0x08001394       0x18 spy/startup_stm32f4xx.o
                0x08001394                MemManage_Handler
 .text.HardFault_Handler
                0x080013ac       0x18 spy/startup_stm32f4xx.o
                0x080013ac                HardFault_Handler
 .text.BusFault_Handler
                0x080013c4       0x18 spy/startup_stm32f4xx.o
                0x080013c4                BusFault_Handler
 .text.UsageFault_Handler
                0x080013dc       0x1c spy/startup_stm32f4xx.o
                0x080013dc                UsageFault_Handler
 .text.Default_Handler
                0x080013f8       0x18 spy/startup_stm32f4xx.o
                0x080013f8                RTC_Alarm_IRQHandler
                0x080013f8                EXTI2_IRQHandler
                0x080013f8                TIM8_CC_IRQHandler
                0x080013f8                DebugMon_Handler
                0x080013f8                UART8_IRQHandler
                0x080013f8                SPI4_IRQHandler
                0x080013f8                TIM1_CC_IRQHandler
                0x080013f8                DMA2_Stream5_IRQHandler
                0x080013f8                DMA1_Stream5_IRQHandler
                0x080013f8                PVD_IRQHandler
                0x080013f8                TAMP_STAMP_IRQHandler
                0x080013f8                CAN2_RX1_IRQHandler
                0x080013f8                EXTI3_IRQHandler
                0x080013f8                TIM8_TRG_COM_TIM14_IRQHandler
                0x080013f8                TIM1_UP_TIM10_IRQHandler
                0x080013f8                TIM8_UP_TIM13_IRQHandler
                0x080013f8                I2C3_ER_IRQHandler
                0x080013f8                EXTI0_IRQHandler
                0x080013f8                I2C2_EV_IRQHandler
                0x080013f8                DMA1_Stream2_IRQHandler
                0x080013f8                CAN1_RX0_IRQHandler
                0x080013f8                FPU_IRQHandler
                0x080013f8                OTG_HS_WKUP_IRQHandler
                0x080013f8                LTDC_ER_IRQHandler
                0x080013f8                CAN2_SCE_IRQHandler
                0x080013f8                DMA2_Stream2_IRQHandler
                0x080013f8                SPI1_IRQHandler
                0x080013f8                TIM6_DAC_IRQHandler
                0x080013f8                TIM1_BRK_TIM9_IRQHandler
                0x080013f8                DCMI_IRQHandler
                0x080013f8                CAN2_RX0_IRQHandler
                0x080013f8                DMA2_Stream3_IRQHandler
                0x080013f8                SAI2_IRQHandler
                0x080013f8                USART6_IRQHandler
                0x080013f8                USART3_IRQHandler
                0x080013f8                CAN1_RX1_IRQHandler
                0x080013f8                UART5_IRQHandler
                0x080013f8                DMA2_Stream0_IRQHandler
                0x080013f8                TIM4_IRQHandler
                0x080013f8                QUADSPI_IRQHandler
                0x080013f8                I2C1_EV_IRQHandler
                0x080013f8                DMA1_Stream6_IRQHandler
                0x080013f8                DMA1_Stream1_IRQHandler
                0x080013f8                UART4_IRQHandler
                0x080013f8                TIM3_IRQHandler
                0x080013f8                RCC_IRQHandler
                0x080013f8                TIM8_BRK_TIM12_IRQHandler
                0x080013f8                Default_Handler
                0x080013f8                CEC_IRQHandler
                0x080013f8                EXTI15_10_IRQHandler
                0x080013f8                ADC_IRQHandler
                0x080013f8                DMA1_Stream7_IRQHandler
                0x080013f8                SPI5_IRQHandler
                0x080013f8                TIM7_IRQHandler
                0x080013f8                SDMMC1_IRQHandler
                0x080013f8                CAN2_TX_IRQHandler
                0x080013f8                TIM5_IRQHandler
                0x080013f8                DMA2_Stream7_IRQHandler
                0x080013f8                I2C3_EV_IRQHandler
                0x080013f8                EXTI9_5_IRQHandler
                0x080013f8                RTC_WKUP_IRQHandler
                0x080013f8                LTDC_IRQHandler
                0x080013f8                ETH_WKUP_IRQHandler
                0x080013f8                SPDIF_RX_IRQHandler
                0x080013f8                SPI2_IRQHandler
                0x080013f8                OTG_HS_EP1_IN_IRQHandler
                0x080013f8                DMA1_Stream0_IRQHandler
                0x080013f8                CAN1_TX_IRQHandler
                0x080013f8                SVC_Handler
                0x080013f8                EXTI4_IRQHandler
                0x080013f8                RNG_IRQHandler
                0x080013f8                ETH_IRQHandler
                0x080013f8                OTG_HS_EP1_OUT_IRQHandler
                0x080013f8                WWDG_IRQHandler
                0x080013f8                SPI6_IRQHandler
                0x080013f8                I2C4_EV_IRQHandler
                0x080013f8                TIM2_IRQHandler
                0x080013f8                OTG_FS_WKUP_IRQHandler
                0x080013f8                TIM1_TRG_COM_TIM11_IRQHandler
                0x080013f8                OTG_HS_IRQHandler
                0x080013f8                DMA2D_IRQHandler
                0x080013f8                EXTI1_IRQHandler
                0x080013f8                UART7_IRQHandler
                0x080013f8                USART2_IRQHandler
                0x080013f8                I2C2_ER_IRQHandler
                0x080013f8                DMA2_Stream1_IRQHandler
                0x080013f8                CAN1_SCE_IRQHandler
                0x080013f8                FLASH_IRQHandler
                0x080013f8                DMA2_Stream4_IRQHandler
                0x080013f8                OTG_FS_IRQHandler
                0x080013f8                SPI3_IRQHandler
                0x080013f8                DMA1_Stream4_IRQHandler
                0x080013f8                I2C1_ER_IRQHandler
                0x080013f8                FMC_IRQHandler
                0x080013f8                LPTIM1_IRQHandler
                0x080013f8                I2C4_ER_IRQHandler
                0x080013f8                DMA2_Stream6_IRQHandler
                0x080013f8                SAI1_IRQHandler
                0x080013f8                DMA1_Stream3_IRQHandler
 .text._init    0x08001410        0x2 spy/startup_stm32f4xx.o
                0x08001410                _init
 .text._fini    0x08001412        0x2 spy/startup_stm32f4xx.o
                0x08001412                _fini
 .text.assert_failed
                0x08001414       0x10 spy/startup_stm32f4xx.o
                0x08001414                assert_failed
 .text.Reset_Handler
                0x08001424       0x7c spy/startup_stm32f4xx.o
                0x08001424                Reset_Handler
 .text.SystemInit
                0x080014a0       0x50 spy/system_stm32f7xx.o
                0x080014a0                SystemInit
 .text.BSP_LED_Init
                0x080014f0       0x4c spy/stm32746g_discovery.o
                0x080014f0                BSP_LED_Init
 .text.BSP_LED_On
                0x0800153c       0x18 spy/stm32746g_discovery.o
                0x0800153c                BSP_LED_On
 .text.BSP_LED_Off
                0x08001554       0x18 spy/stm32746g_discovery.o
                0x08001554                BSP_LED_Off
 .text.BSP_PB_Init
                0x0800156c       0xd4 spy/stm32746g_discovery.o
                0x0800156c                BSP_PB_Init
 .text.BSP_PB_GetState
                0x08001640       0x1c spy/stm32746g_discovery.o
                0x08001640                BSP_PB_GetState
 .text.HAL_InitTick
                0x0800165c       0x2c spy/stm32f7xx_hal.o
                0x0800165c                HAL_InitTick
 .text.HAL_GetTick
                0x08001688        0xc spy/stm32f7xx_hal.o
                0x08001688                HAL_GetTick
 .text.HAL_NVIC_SetPriority
                0x08001694       0x5c spy/stm32f7xx_hal_cortex.o
                0x08001694                HAL_NVIC_SetPriority
 .text.HAL_NVIC_EnableIRQ
                0x080016f0       0x1c spy/stm32f7xx_hal_cortex.o
                0x080016f0                HAL_NVIC_EnableIRQ
 .text.HAL_SYSTICK_Config
                0x0800170c       0x2c spy/stm32f7xx_hal_cortex.o
                0x0800170c                HAL_SYSTICK_Config
 .text.HAL_GPIO_Init
                0x08001738      0x1e0 spy/stm32f7xx_hal_gpio.o
                0x08001738                HAL_GPIO_Init
 .text.HAL_GPIO_ReadPin
                0x08001918        0xc spy/stm32f7xx_hal_gpio.o
                0x08001918                HAL_GPIO_ReadPin
 .text.HAL_GPIO_WritePin
                0x08001924        0xc spy/stm32f7xx_hal_gpio.o
                0x08001924                HAL_GPIO_WritePin
 .text.HAL_PWREx_EnableOverDrive
                0x08001930       0x7c spy/stm32f7xx_hal_pwr_ex.o
                0x08001930                HAL_PWREx_EnableOverDrive
 .text.HAL_RCC_OscConfig
                0x080019ac      0x410 spy/stm32f7xx_hal_rcc.o
                0x080019ac                HAL_RCC_OscConfig
 .text.HAL_RCC_GetSysClockFreq
                0x08001dbc       0x78 spy/stm32f7xx_hal_rcc.o
                0x08001dbc                HAL_RCC_GetSysClockFreq
 .text.HAL_RCC_ClockConfig
                0x08001e34      0x198 spy/stm32f7xx_hal_rcc.o
                0x08001e34                HAL_RCC_ClockConfig
 .text.HAL_RCC_GetPCLK1Freq
                0x08001fcc       0x30 spy/stm32f7xx_hal_rcc.o
                0x08001fcc                HAL_RCC_GetPCLK1Freq
 .text.HAL_RCC_GetPCLK2Freq
                0x08001ffc       0x30 spy/stm32f7xx_hal_rcc.o
                0x08001ffc                HAL_RCC_GetPCLK2Freq
 .text.HAL_UART_MspInit
                0x0800202c       0x88 spy/stm32f7xx_hal_msp.o
                0x0800202c                HAL_UART_MspInit
 .text.HAL_UART_Receive_IT
                0x080020b4       0xaa spy/stm32f7xx_hal_uart.o
                0x080020b4                HAL_UART_Receive_IT
 .text.UART_WaitOnFlagUntilTimeout
                0x0800215e       0x64 spy/stm32f7xx_hal_uart.o
                0x0800215e                UART_WaitOnFlagUntilTimeout
 *fill*         0x080021c2        0x2 
 .text.UART_SetConfig
                0x080021c4      0x328 spy/stm32f7xx_hal_uart.o
                0x080021c4                UART_SetConfig
 .text.UART_AdvFeatureConfig
                0x080024ec       0xca spy/stm32f7xx_hal_uart.o
                0x080024ec                UART_AdvFeatureConfig
 .text.UART_CheckIdleState
                0x080025b6       0x48 spy/stm32f7xx_hal_uart.o
                0x080025b6                UART_CheckIdleState
 .text.HAL_UART_Init
                0x080025fe       0x68 spy/stm32f7xx_hal_uart.o
                0x080025fe                HAL_UART_Init
 .text.QHsm_top
                0x08002666        0x4 spy/qep_hsm.o
                0x08002666                QHsm_top
 *fill*         0x0800266a        0x2 
 .text.QHsm_init_
                0x0800266c      0x1c0 spy/qep_hsm.o
                0x0800266c                QHsm_init_
 .text.QHsm_dispatch_
                0x0800282c      0x674 spy/qep_hsm.o
                0x0800282c                QHsm_dispatch_
 .text.QHsm_ctor
                0x08002ea0       0x14 spy/qep_hsm.o
                0x08002ea0                QHsm_ctor
 .text.QF_add_  0x08002eb4       0x70 spy/qf_act.o
                0x08002eb4                QF_add_
 .text.QF_bzero
                0x08002f24       0x10 spy/qf_act.o
                0x08002f24                QF_bzero
 .text.QActive_post_
                0x08002f34      0x158 spy/qf_actq.o
                0x08002f34                QActive_post_
 .text.QActive_postLIFO_
                0x0800308c       0xdc spy/qf_actq.o
                0x0800308c                QActive_postLIFO_
 .text.QActive_get_
                0x08003168       0xe4 spy/qf_actq.o
                0x08003168                QActive_get_
 .text.QF_poolInit
                0x0800324c       0x68 spy/qf_dyn.o
                0x0800324c                QF_poolInit
 .text.QF_newX_
                0x080032b4       0xb4 spy/qf_dyn.o
                0x080032b4                QF_newX_
 .text.QF_gc    0x08003368       0xc0 spy/qf_dyn.o
                0x08003368                QF_gc
 .text.QF_poolGetMaxBlockSize
                0x08003428       0x1c spy/qf_dyn.o
                0x08003428                QF_poolGetMaxBlockSize
 .text.QMPool_init
                0x08003444       0xc8 spy/qf_mem.o
                0x08003444                QMPool_init
 .text.QMPool_put
                0x0800350c       0x80 spy/qf_mem.o
                0x0800350c                QMPool_put
 .text.QMPool_get
                0x0800358c      0x104 spy/qf_mem.o
                0x0800358c                QMPool_get
 .text.QF_psInit
                0x08003690       0x1c spy/qf_ps.o
                0x08003690                QF_psInit
 .text.QF_publish_
                0x080036ac      0x108 spy/qf_ps.o
                0x080036ac                QF_publish_
 .text.QActive_subscribe
                0x080037b4       0x98 spy/qf_ps.o
                0x080037b4                QActive_subscribe
 .text.QActive_ctor
                0x0800384c       0x20 spy/qf_qact.o
                0x0800384c                QActive_ctor
 .text.QEQueue_init
                0x0800386c       0x58 spy/qf_qeq.o
                0x0800386c                QEQueue_init
 .text.QF_tickX_
                0x080038c4      0x170 spy/qf_time.o
                0x080038c4                QF_tickX_
 .text.QTimeEvt_ctorX
                0x08003a34       0x38 spy/qf_time.o
                0x08003a34                QTimeEvt_ctorX
 .text.QTimeEvt_armX
                0x08003a6c       0xbc spy/qf_time.o
                0x08003a6c                QTimeEvt_armX
 .text.QTimeEvt_disarm
                0x08003b28       0xbc spy/qf_time.o
                0x08003b28                QTimeEvt_disarm
 .text.QF_init  0x08003be4       0x50 spy/qk.o
                0x08003be4                QF_init
 .text.QK_sched_
                0x08003c34       0x44 spy/qk.o
                0x08003c34                QK_sched_
 .text.QK_activate_
                0x08003c78      0x144 spy/qk.o
                0x08003c78                QK_activate_
 .text.QF_run   0x08003dbc       0x30 spy/qk.o
                0x08003dbc                QF_run
 .text.QActive_start_
                0x08003dec       0x70 spy/qk.o
                0x08003dec                QActive_start_
 .text.QMutex_init
                0x08003e5c        0x8 spy/qk_mutex.o
                0x08003e5c                QMutex_init
 .text.QMutex_lock
                0x08003e64       0x70 spy/qk_mutex.o
                0x08003e64                QMutex_lock
 .text.QMutex_unlock
                0x08003ed4       0x80 spy/qk_mutex.o
                0x08003ed4                QMutex_unlock
 .text.QS_filterOn
                0x08003f54       0x50 spy/qs.o
                0x08003f54                QS_filterOn
 .text.QS_filterOff
                0x08003fa4       0x5c spy/qs.o
                0x08003fa4                QS_filterOff
 .text.QS_beginRec
                0x08004000       0x70 spy/qs.o
                0x08004000                QS_beginRec
 .text.QS_endRec
                0x08004070       0x74 spy/qs.o
                0x08004070                QS_endRec
 .text.QS_u8    0x080040e4       0x9c spy/qs.o
                0x080040e4                QS_u8
 .text.QS_u32   0x08004180       0xb0 spy/qs.o
                0x08004180                QS_u32
 .text.QS_u8_   0x08004230       0x60 spy/qs.o
                0x08004230                QS_u8_
 .text.QS_u8u8_
                0x08004290       0x9c spy/qs.o
                0x08004290                QS_u8u8_
 .text.QS_u16_  0x0800432c       0xa0 spy/qs.o
                0x0800432c                QS_u16_
 .text.QS_target_info_
                0x080043cc      0x160 spy/qs.o
                0x080043cc                QS_target_info_
 .text.QS_initBuf
                0x0800452c       0x58 spy/qs.o
                0x0800452c                QS_initBuf
 .text.QS_u32_  0x08004584       0x74 spy/qs.o
                0x08004584                QS_u32_
 .text.QS_str_  0x080045f8       0x50 spy/qs.o
                0x080045f8                QS_str_
 .text.QS_getByte
                0x08004648       0x2c spy/qs.o
                0x08004648                QS_getByte
 .text.QS_sig_dict
                0x08004674       0x3e spy/qs.o
                0x08004674                QS_sig_dict
 .text.QS_obj_dict
                0x080046b2       0x36 spy/qs.o
                0x080046b2                QS_obj_dict
 .text.QS_fun_dict
                0x080046e8       0x36 spy/qs.o
                0x080046e8                QS_fun_dict
 .text.QS_usr_dict
                0x0800471e       0x2e spy/qs.o
                0x0800471e                QS_usr_dict
 .text.QS_str   0x0800474c       0x5c spy/qs.o
                0x0800474c                QS_str
 .text.QS_rxReportSuccess_
                0x080047a8       0x3c spy/qs_rx.o
 .text.QS_rxReportError_
                0x080047e4       0x48 spy/qs_rx.o
 .text.QS_rxParseData_
                0x0800482c      0x304 spy/qs_rx.o
 .text.QS_rxInitBuf
                0x08004b30       0x50 spy/qs_rx.o
                0x08004b30                QS_rxInitBuf
 .text.QS_rxParse
                0x08004b80      0x2e0 spy/qs_rx.o
                0x08004b80                QS_rxParse
 *(.rodata)
 *(.rodata*)
 .rodata.QS_onCommand.str1.4
                0x08004e60        0xd spy/bsp.o
 *fill*         0x08004e6d        0x3 
 .rodata.Q_this_module_
                0x08004e70        0x9 spy/bsp.o
 .rodata.l_GPIO_EVEN_IRQHandler
                0x08004e79        0x1 spy/bsp.o
 .rodata.l_SysTick_Handler
                0x08004e7a        0x1 spy/bsp.o
 *fill*         0x08004e7b        0x1 
 .rodata.obj_name_.9952
                0x08004e7c       0x13 spy/bsp.o
 *fill*         0x08004e8f        0x1 
 .rodata.obj_name_.9953
                0x08004e90       0x18 spy/bsp.o
 .rodata.pauseEvt.9941
                0x08004ea8        0x4 spy/bsp.o
 .rodata.serveEvt.9942
                0x08004eac        0x4 spy/bsp.o
 .rodata.usr_name_.9954
                0x08004eb0        0xb spy/bsp.o
 *fill*         0x08004ebb        0x1 
 .rodata.usr_name_.9955
                0x08004ebc        0xd spy/bsp.o
 *fill*         0x08004ec9        0x3 
 .rodata.obj_name_.5855
                0x08004ecc        0xb spy/main.o
 *fill*         0x08004ed7        0x1 
 .rodata.obj_name_.5856
                0x08004ed8        0xe spy/main.o
 *fill*         0x08004ee6        0x2 
 .rodata.obj_name_.5857
                0x08004ee8       0x11 spy/main.o
 *fill*         0x08004ef9        0x3 
 .rodata.obj_name_.5858
                0x08004efc       0x11 spy/main.o
 *fill*         0x08004f0d        0x3 
 .rodata.obj_name_.5859
                0x08004f10       0x11 spy/main.o
 *fill*         0x08004f21        0x3 
 .rodata.obj_name_.5860
                0x08004f24       0x11 spy/main.o
 *fill*         0x08004f35        0x3 
 .rodata.obj_name_.5861
                0x08004f38       0x11 spy/main.o
 *fill*         0x08004f49        0x3 
 .rodata.AO_Philo
                0x08004f4c       0x14 spy/philo.o
                0x08004f4c                AO_Philo
 .rodata.Q_this_module_
                0x08004f60        0xe spy/philo.o
 *fill*         0x08004f6e        0x2 
 .rodata.fun_name_.5888
                0x08004f70        0xf spy/philo.o
 *fill*         0x08004f7f        0x1 
 .rodata.fun_name_.5890
                0x08004f80       0x10 spy/philo.o
 .rodata.fun_name_.5892
                0x08004f90        0xe spy/philo.o
 *fill*         0x08004f9e        0x2 
 .rodata.fun_name_.5894
                0x08004fa0        0xe spy/philo.o
 *fill*         0x08004fae        0x2 
 .rodata.obj_name_.5878
                0x08004fb0        0xc spy/philo.o
 .rodata.obj_name_.5879
                0x08004fbc       0x14 spy/philo.o
 .rodata.obj_name_.5880
                0x08004fd0        0xc spy/philo.o
 .rodata.obj_name_.5881
                0x08004fdc       0x14 spy/philo.o
 .rodata.obj_name_.5882
                0x08004ff0        0xc spy/philo.o
 .rodata.obj_name_.5883
                0x08004ffc       0x14 spy/philo.o
 .rodata.obj_name_.5884
                0x08005010        0xc spy/philo.o
 .rodata.obj_name_.5885
                0x0800501c       0x14 spy/philo.o
 .rodata.obj_name_.5886
                0x08005030        0xc spy/philo.o
 .rodata.obj_name_.5887
                0x0800503c       0x14 spy/philo.o
 .rodata.sig_name_.5896
                0x08005050        0xb spy/philo.o
 *fill*         0x0800505b        0x1 
 .rodata.sig_name_.5897
                0x0800505c        0xc spy/philo.o
 .rodata.AO_Table
                0x08005068        0x4 spy/table.o
                0x08005068                AO_Table
 .rodata.Q_this_module_
                0x0800506c        0xe spy/table.o
 *fill*         0x0800507a        0x2 
 .rodata.Table_initial.str1.4
                0x0800507c        0x9 spy/table.o
 *fill*         0x08005085        0x3 
 .rodata.Table_paused.str1.4
                0x08005088        0x9 spy/table.o
 *fill*         0x08005091        0x3 
 .rodata.Table_serving.str1.4
                0x08005094        0x9 spy/table.o
 *fill*         0x0800509d        0x3 
 .rodata.fun_name_.5880
                0x080050a0        0xa spy/table.o
 *fill*         0x080050aa        0x2 
 .rodata.fun_name_.5882
                0x080050ac        0xf spy/table.o
 *fill*         0x080050bb        0x1 
 .rodata.fun_name_.5884
                0x080050bc        0xe spy/table.o
 *fill*         0x080050ca        0x2 
 .rodata.fun_name_.5886
                0x080050cc        0xf spy/table.o
 *fill*         0x080050db        0x1 
 .rodata.fun_name_.5888
                0x080050dc        0xe spy/table.o
 *fill*         0x080050ea        0x2 
 .rodata.obj_name_.5879
                0x080050ec        0x9 spy/table.o
 *fill*         0x080050f5        0x3 
 .rodata.sig_name_.5890
                0x080050f8        0x9 spy/table.o
 *fill*         0x08005101        0x3 
 .rodata.sig_name_.5891
                0x08005104        0x8 spy/table.o
 .rodata.sig_name_.5892
                0x0800510c        0xa spy/table.o
 *fill*         0x08005116        0x2 
 .rodata.sig_name_.5893
                0x08005118        0xa spy/table.o
 *fill*         0x08005122        0x2 
 .rodata.sig_name_.5894
                0x08005124        0x9 spy/table.o
 *fill*         0x0800512d        0x3 
 .rodata.sig_name_.5895
                0x08005130        0xb spy/table.o
 *fill*         0x0800513b        0x1 
 .rodata.Reset_Handler.str1.4
                0x0800513c       0x10 spy/startup_stm32f4xx.o
                                  0xe (size before relaxing)
 .rodata.AHBPrescTable
                0x0800514c       0x10 spy/system_stm32f7xx.o
                0x0800514c                AHBPrescTable
 .rodata.APBPrescTable
                0x0800515c        0x8 spy/system_stm32f7xx.o
                0x0800515c                APBPrescTable
 .rodata.BUTTON_IRQn
                0x08005164        0x6 spy/stm32746g_discovery.o
                0x08005164                BUTTON_IRQn
 *fill*         0x0800516a        0x2 
 .rodata.BUTTON_PIN
                0x0800516c        0x6 spy/stm32746g_discovery.o
                0x0800516c                BUTTON_PIN
 *fill*         0x08005172        0x2 
 .rodata.QEP_reservedEvt_
                0x08005174       0x10 spy/qep_hsm.o
 .rodata.Q_this_module_
                0x08005184        0x8 spy/qep_hsm.o
 .rodata.vtbl.5814
                0x0800518c        0x8 spy/qep_hsm.o
 .rodata.Q_this_module_
                0x08005194        0x7 spy/qf_act.o
 *fill*         0x0800519b        0x1 
 .rodata.Q_this_module_
                0x0800519c        0x8 spy/qf_actq.o
 .rodata.Q_this_module_
                0x080051a4        0x7 spy/qf_dyn.o
 *fill*         0x080051ab        0x1 
 .rodata.Q_this_module_
                0x080051ac        0x7 spy/qf_mem.o
 *fill*         0x080051b3        0x1 
 .rodata.Q_this_module_
                0x080051b4        0x6 spy/qf_ps.o
 *fill*         0x080051ba        0x2 
 .rodata.vtbl.5589
                0x080051bc       0x14 spy/qf_qact.o
 .rodata.Q_this_module_
                0x080051d0        0x8 spy/qf_time.o
 .rodata.Q_this_module_
                0x080051d8        0x3 spy/qk.o
 *fill*         0x080051db        0x1 
 .rodata.Q_this_module_
                0x080051dc        0x9 spy/qk_mutex.o
 *fill*         0x080051e5        0x3 
 .rodata.Q_this_module_
                0x080051e8        0x3 spy/qs.o
 *fill*         0x080051eb        0x1 
 .rodata.Q_this_module_
                0x080051ec        0x6 spy/qs_rx.o
 .rodata.l_QS_RX
                0x080051f2        0x1 spy/qs_rx.o
 *fill*         0x080051f3        0x1 
 .rodata.s_rxObjDic.5912
                0x080051f4        0x6 spy/qs_rx.o
 *fill*         0x080051fa        0x2 
 .rodata.Q_BUILD_DATE
                0x080051fc        0xc spy/qstamp.o
                0x080051fc                Q_BUILD_DATE
 .rodata.Q_BUILD_TIME
                0x08005208        0x9 spy/qstamp.o
                0x08005208                Q_BUILD_TIME
 *(.init)
 *(.fini)
                0x08005214                . = ALIGN (0x4)
 *fill*         0x08005211        0x3 

.glue_7         0x08005214        0x0
 .glue_7        0x08005214        0x0 linker stubs

.glue_7t        0x08005214        0x0
 .glue_7t       0x08005214        0x0 linker stubs

.vfp11_veneer   0x08005214        0x0
 .vfp11_veneer  0x08005214        0x0 linker stubs

.v4_bx          0x08005214        0x0
 .v4_bx         0x08005214        0x0 linker stubs

.iplt           0x08005214        0x0
 .iplt          0x08005214        0x0 spy/qk_port.o

.rel.dyn        0x08005214        0x0
 .rel.iplt      0x08005214        0x0 spy/qk_port.o

.preinit_array  0x08005214        0x0
                0x08005214                PROVIDE (__preinit_array_start, .)
 *(.preinit_array*)
                0x08005214                PROVIDE (__preinit_array_end, .)

.init_array     0x08005214        0x0
                0x08005214                PROVIDE (__init_array_start, .)
 *(SORT(.init_array.*))
 *(.init_array*)
                0x08005214                PROVIDE (__init_array_end, .)

.fini_array     0x08005214        0x0
                [!provide]                PROVIDE (__fini_array_start, .)
 *(.fini_array*)
 *(SORT(.fini_array.*))
                [!provide]                PROVIDE (__fini_array_end, .)
                0x08005214                _etext = .

.stack          0x20000000      0x400
                0x20000000                __stack_start__ = .
                0x20000400                . = (. + STACK_SIZE)
 *fill*         0x20000000      0x400 
                0x20000400                . = ALIGN (0x4)
                0x20000400                __stack_end__ = .

.data           0x20000400       0x18 load address 0x08005214
                0x08005214                __data_load = LOADADDR (.data)
                0x20000400                __data_start = .
 *(.data)
 *(.data*)
 .data.buttons.9938
                0x20000400        0x8 spy/bsp.o
 .data.SystemCoreClock
                0x20000408        0x4 spy/system_stm32f7xx.o
                0x20000408                SystemCoreClock
 .data.BUTTON_PORT
                0x2000040c        0xc spy/stm32746g_discovery.o
                0x2000040c                BUTTON_PORT
                0x20000418                . = ALIGN (0x4)
                0x20000418                __data_end__ = .
                0x20000418                _edata = __data_end__

.igot.plt       0x20000418        0x0 load address 0x0800522c
 .igot.plt      0x20000418        0x0 spy/qk_port.o

.bss            0x20000418      0xcac load address 0x0800522c
                0x20000418                __bss_start__ = .
 *(.bss)
 *(.bss*)
 .bss.l_rnd     0x20000418        0x4 spy/bsp.o
 .bss.l_rndMutex
                0x2000041c        0x8 spy/bsp.o
 .bss.l_uartHandle
                0x20000424       0x70 spy/bsp.o
 .bss.qsRxBuf.10002
                0x20000494       0x64 spy/bsp.o
 .bss.qsTxBuf.10001
                0x200004f8      0x800 spy/bsp.o
 .bss.philoQueueSto.5849
                0x20000cf8       0x64 spy/main.o
 .bss.smlPoolSto.5853
                0x20000d5c       0x50 spy/main.o
 .bss.subscrSto.5850
                0x20000dac       0x24 spy/main.o
 .bss.tableQueueSto.5848
                0x20000dd0       0x14 spy/main.o
 .bss.l_philo   0x20000de4      0x12c spy/philo.o
 .bss.registered.5877
                0x20000f10        0x1 spy/philo.o
 *fill*         0x20000f11        0x3 
 .bss.l_table   0x20000f14       0x38 spy/table.o
 .bss.l_rx      0x20000f4c       0x18 spy/qs_rx.o
 *(COMMON)
 COMMON         0x20000f64        0x8 spy/bsp.o
                0x20000f64                QS_tickTime_
                0x20000f68                QS_tickPeriod_
 COMMON         0x20000f6c        0x4 spy/stm32f7xx_hal.o
                0x20000f6c                uwTick
 COMMON         0x20000f70       0x84 spy/qf_act.o
                0x20000f70                QF_active_
 COMMON         0x20000ff4       0x40 spy/qf_dyn.o
                0x20000ff4                QF_pool_
                0x20001030                QF_maxPool_
 COMMON         0x20001034        0x8 spy/qf_ps.o
                0x20001034                QF_maxPubSignal_
                0x20001038                QF_subscrList_
 COMMON         0x2000103c       0x20 spy/qf_time.o
                0x2000103c                QF_timeEvtHead_
 COMMON         0x2000105c       0x14 spy/qk.o
                0x2000105c                QK_attr_
 COMMON         0x20001070       0x44 spy/qs.o
                0x20001070                QS_priv_
 COMMON         0x200010b4       0x10 spy/qs_rx.o
                0x200010b4                QS_rxPriv_
                0x200010c4                . = ALIGN (0x4)
                0x200010c4                _ebss = .
                0x200010c4                __bss_end__ = .
                [!provide]                PROVIDE (end, _ebss)
                [!provide]                PROVIDE (_end, _ebss)
                [!provide]                PROVIDE (__end__, _ebss)

.heap           0x200010c4        0x0
                0x200010c4                __heap_start__ = .
                0x200010c4                . = (. + HEAP_SIZE)
                0x200010c4                . = ALIGN (0x4)
                0x200010c4                __heap_end__ = .

/DISCARD/
 libc.a(*)
 libm.a(*)
 libgcc.a(*)
OUTPUT(spy/dpp-qk.elf elf32-littlearm)

.ARM.attributes
                0x00000000       0x31
 .ARM.attributes
                0x00000000       0x23 spy/qk_port.o
 .ARM.attributes
                0x00000023       0x35 spy/bsp.o
 .ARM.attributes
                0x00000058       0x35 spy/main.o
 .ARM.attributes
                0x0000008d       0x35 spy/philo.o
 .ARM.attributes
                0x000000c2       0x35 spy/table.o
 .ARM.attributes
                0x000000f7       0x35 spy/startup_stm32f4xx.o
 .ARM.attributes
                0x0000012c       0x35 spy/system_stm32f7xx.o
 .ARM.attributes
                0x00000161       0x35 spy/stm32746g_discovery.o
 .ARM.attributes
                0x00000196       0x35 spy/stm32f7xx_hal.o
 .ARM.attributes
                0x000001cb       0x35 spy/stm32f7xx_hal_cortex.o
 .ARM.attributes
                0x00000200       0x35 spy/stm32f7xx_hal_gpio.o
 .ARM.attributes
                0x00000235       0x35 spy/stm32f7xx_hal_pwr_ex.o
 .ARM.attributes
                0x0000026a       0x35 spy/stm32f7xx_hal_rcc.o
 .ARM.attributes
                0x0000029f       0x35 spy/stm32f7xx_hal_msp.o
 .ARM.attributes
                0x000002d4       0x35 spy/stm32f7xx_hal_uart.o
 .ARM.attributes
                0x00000309       0x35 spy/qep_hsm.o
 .ARM.attributes
                0x0000033e       0x35 spy/qf_act.o
 .ARM.attributes
                0x00000373       0x35 spy/qf_actq.o
 .ARM.attributes
                0x000003a8       0x35 spy/qf_dyn.o
 .ARM.attributes
                0x000003dd       0x35 spy/qf_mem.o
 .ARM.attributes
                0x00000412       0x35 spy/qf_ps.o
 .ARM.attributes
                0x00000447       0x35 spy/qf_qact.o
 .ARM.attributes
                0x0000047c       0x35 spy/qf_qeq.o
 .ARM.attributes
                0x000004b1       0x35 spy/qf_time.o
 .ARM.attributes
                0x000004e6       0x35 spy/qk.o
 .ARM.attributes
                0x0000051b       0x35 spy/qk_mutex.o
 .ARM.attributes
                0x00000550       0x35 spy/qs.o
 .ARM.attributes
                0x00000585       0x35 spy/qs_rx.o
 .ARM.attributes
                0x000005ba       0x35 spy/qstamp.o

.comment        0x00000000       0x11
 .comment       0x00000000       0x11 spy/bsp.o
                                 0x12 (size before relaxing)
 .comment       0x00000011       0x12 spy/main.o
 .comment       0x00000011       0x12 spy/philo.o
 .comment       0x00000011       0x12 spy/table.o
 .comment       0x00000011       0x12 spy/startup_stm32f4xx.o
 .comment       0x00000011       0x12 spy/system_stm32f7xx.o
 .comment       0x00000011       0x12 spy/stm32746g_discovery.o
 .comment       0x00000011       0x12 spy/stm32f7xx_hal.o
 .comment       0x00000011       0x12 spy/stm32f7xx_hal_cortex.o
 .comment       0x00000011       0x12 spy/stm32f7xx_hal_gpio.o
 .comment       0x00000011       0x12 spy/stm32f7xx_hal_pwr_ex.o
 .comment       0x00000011       0x12 spy/stm32f7xx_hal_rcc.o
 .comment       0x00000011       0x12 spy/stm32f7xx_hal_msp.o
 .comment       0x00000011       0x12 spy/stm32f7xx_hal_uart.o
 .comment       0x00000011       0x12 spy/qep_hsm.o
 .comment       0x00000011       0x12 spy/qf_act.o
 .comment       0x00000011       0x12 spy/qf_actq.o
 .comment       0x00000011       0x12 spy/qf_dyn.o
 .comment       0x00000011       0x12 spy/qf_mem.o
 .comment       0x00000011       0x12 spy/qf_ps.o
 .comment       0x00000011       0x12 spy/qf_qact.o
 .comment       0x00000011       0x12 spy/qf_qeq.o
 .comment       0x00000011       0x12 spy/qf_time.o
 .comment       0x00000011       0x12 spy/qk.o
 .comment       0x00000011       0x12 spy/qk_mutex.o
 .comment       0x00000011       0x12 spy/qs.o
 .comment       0x00000011       0x12 spy/qs_rx.o
 .comment       0x00000011       0x12 spy/qstamp.o

.debug_line     0x00000000     0x6533
 .debug_line    0x00000000       0xe1 spy/qk_port.o
 .debug_line    0x000000e1      0x68a spy/bsp.o
 .debug_line    0x0000076b      0x19f spy/main.o
 .debug_line    0x0000090a      0x281 spy/philo.o
 .debug_line    0x00000b8b      0x304 spy/table.o
 .debug_line    0x00000e8f      0x134 spy/startup_stm32f4xx.o
 .debug_line    0x00000fc3      0x17d spy/system_stm32f7xx.o
 .debug_line    0x00001140      0x5c2 spy/stm32746g_discovery.o
 .debug_line    0x00001702      0x3fc spy/stm32f7xx_hal.o
 .debug_line    0x00001afe      0x489 spy/stm32f7xx_hal_cortex.o
 .debug_line    0x00001f87      0x43b spy/stm32f7xx_hal_gpio.o
 .debug_line    0x000023c2      0x39f spy/stm32f7xx_hal_pwr_ex.o
 .debug_line    0x00002761      0x5dc spy/stm32f7xx_hal_rcc.o
 .debug_line    0x00002d3d      0x295 spy/stm32f7xx_hal_msp.o
 .debug_line    0x00002fd2      0xba3 spy/stm32f7xx_hal_uart.o
 .debug_line    0x00003b75      0x4b2 spy/qep_hsm.o
 .debug_line    0x00004027      0x201 spy/qf_act.o
 .debug_line    0x00004228      0x42e spy/qf_actq.o
 .debug_line    0x00004656      0x25d spy/qf_dyn.o
 .debug_line    0x000048b3      0x2d9 spy/qf_mem.o
 .debug_line    0x00004b8c      0x308 spy/qf_ps.o
 .debug_line    0x00004e94      0x14e spy/qf_qact.o
 .debug_line    0x00004fe2      0x31c spy/qf_qeq.o
 .debug_line    0x000052fe      0x3e6 spy/qf_time.o
 .debug_line    0x000056e4      0x2e8 spy/qk.o
 .debug_line    0x000059cc      0x232 spy/qk_mutex.o
 .debug_line    0x00005bfe      0x4eb spy/qs.o
 .debug_line    0x000060e9      0x317 spy/qs_rx.o
 .debug_line    0x00006400      0x133 spy/qstamp.o

.debug_info     0x00000000    0x1f707
 .debug_info    0x00000000       0xb1 spy/qk_port.o
 .debug_info    0x000000b1     0x2fcf spy/bsp.o
 .debug_info    0x00003080      0xd58 spy/main.o
 .debug_info    0x00003dd8     0x12a5 spy/philo.o
 .debug_info    0x0000507d     0x12e7 spy/table.o
 .debug_info    0x00006364      0x26c spy/startup_stm32f4xx.o
 .debug_info    0x000065d0      0x6ec spy/system_stm32f7xx.o
 .debug_info    0x00006cbc     0x2898 spy/stm32746g_discovery.o
 .debug_info    0x00009554     0x11cc spy/stm32f7xx_hal.o
 .debug_info    0x0000a720     0x197e spy/stm32f7xx_hal_cortex.o
 .debug_info    0x0000c09e      0xfb4 spy/stm32f7xx_hal_gpio.o
 .debug_info    0x0000d052     0x120f spy/stm32f7xx_hal_pwr_ex.o
 .debug_info    0x0000e261     0x14ee spy/stm32f7xx_hal_rcc.o
 .debug_info    0x0000f74f     0x155c spy/stm32f7xx_hal_msp.o
 .debug_info    0x00010cab     0x2074 spy/stm32f7xx_hal_uart.o
 .debug_info    0x00012d1f     0x155d spy/qep_hsm.o
 .debug_info    0x0001427c      0xb56 spy/qf_act.o
 .debug_info    0x00014dd2     0x1232 spy/qf_actq.o
 .debug_info    0x00016004      0xd3c spy/qf_dyn.o
 .debug_info    0x00016d40      0xd1f spy/qf_mem.o
 .debug_info    0x00017a5f      0xf3e spy/qf_ps.o
 .debug_info    0x0001899d      0x60d spy/qf_qact.o
 .debug_info    0x00018faa      0xde8 spy/qf_qeq.o
 .debug_info    0x00019d92     0x10f8 spy/qf_time.o
 .debug_info    0x0001ae8a      0xe94 spy/qk.o
 .debug_info    0x0001bd1e      0xbc3 spy/qk_mutex.o
 .debug_info    0x0001c8e1     0x14a5 spy/qs.o
 .debug_info    0x0001dd86     0x12fe spy/qs_rx.o
 .debug_info    0x0001f084      0x683 spy/qstamp.o

.debug_abbrev   0x00000000     0x4bb7
 .debug_abbrev  0x00000000       0x12 spy/qk_port.o
 .debug_abbrev  0x00000012      0x48d spy/bsp.o
 .debug_abbrev  0x0000049f      0x20f spy/main.o
 .debug_abbrev  0x000006ae      0x26e spy/philo.o
 .debug_abbrev  0x0000091c      0x278 spy/table.o
 .debug_abbrev  0x00000b94      0x135 spy/startup_stm32f4xx.o
 .debug_abbrev  0x00000cc9      0x12a spy/system_stm32f7xx.o
 .debug_abbrev  0x00000df3      0x412 spy/stm32746g_discovery.o
 .debug_abbrev  0x00001205      0x2c4 spy/stm32f7xx_hal.o
 .debug_abbrev  0x000014c9      0x3ac spy/stm32f7xx_hal_cortex.o
 .debug_abbrev  0x00001875      0x2a0 spy/stm32f7xx_hal_gpio.o
 .debug_abbrev  0x00001b15      0x2b8 spy/stm32f7xx_hal_pwr_ex.o
 .debug_abbrev  0x00001dcd      0x33c spy/stm32f7xx_hal_rcc.o
 .debug_abbrev  0x00002109      0x24f spy/stm32f7xx_hal_msp.o
 .debug_abbrev  0x00002358      0x379 spy/stm32f7xx_hal_uart.o
 .debug_abbrev  0x000026d1      0x35f spy/qep_hsm.o
 .debug_abbrev  0x00002a30      0x225 spy/qf_act.o
 .debug_abbrev  0x00002c55      0x35c spy/qf_actq.o
 .debug_abbrev  0x00002fb1      0x29c spy/qf_dyn.o
 .debug_abbrev  0x0000324d      0x282 spy/qf_mem.o
 .debug_abbrev  0x000034cf      0x2cf spy/qf_ps.o
 .debug_abbrev  0x0000379e      0x1cf spy/qf_qact.o
 .debug_abbrev  0x0000396d      0x280 spy/qf_qeq.o
 .debug_abbrev  0x00003bed      0x302 spy/qf_time.o
 .debug_abbrev  0x00003eef      0x2b8 spy/qk.o
 .debug_abbrev  0x000041a7      0x268 spy/qk_mutex.o
 .debug_abbrev  0x0000440f      0x300 spy/qs.o
 .debug_abbrev  0x0000470f      0x34e spy/qs_rx.o
 .debug_abbrev  0x00004a5d      0x15a spy/qstamp.o

.debug_aranges  0x00000000      0xb80
 .debug_aranges
                0x00000000       0x38 spy/qk_port.o
 .debug_aranges
                0x00000038       0xb0 spy/bsp.o
 .debug_aranges
                0x000000e8       0x20 spy/main.o
 .debug_aranges
                0x00000108       0x40 spy/philo.o
 .debug_aranges
                0x00000148       0x40 spy/table.o
 .debug_aranges
                0x00000188       0x68 spy/startup_stm32f4xx.o
 .debug_aranges
                0x000001f0       0x28 spy/system_stm32f7xx.o
 .debug_aranges
                0x00000218      0x110 spy/stm32746g_discovery.o
 .debug_aranges
                0x00000328       0xd0 spy/stm32f7xx_hal.o
 .debug_aranges
                0x000003f8       0xa8 spy/stm32f7xx_hal_cortex.o
 .debug_aranges
                0x000004a0       0x58 spy/stm32f7xx_hal_gpio.o
 .debug_aranges
                0x000004f8       0x80 spy/stm32f7xx_hal_pwr_ex.o
 .debug_aranges
                0x00000578       0x88 spy/stm32f7xx_hal_rcc.o
 .debug_aranges
                0x00000600       0x28 spy/stm32f7xx_hal_msp.o
 .debug_aranges
                0x00000628      0x178 spy/stm32f7xx_hal_uart.o
 .debug_aranges
                0x000007a0       0x48 spy/qep_hsm.o
 .debug_aranges
                0x000007e8       0x30 spy/qf_act.o
 .debug_aranges
                0x00000818       0x60 spy/qf_actq.o
 .debug_aranges
                0x00000878       0x40 spy/qf_dyn.o
 .debug_aranges
                0x000008b8       0x38 spy/qf_mem.o
 .debug_aranges
                0x000008f0       0x40 spy/qf_ps.o
 .debug_aranges
                0x00000930       0x20 spy/qf_qact.o
 .debug_aranges
                0x00000950       0x38 spy/qf_qeq.o
 .debug_aranges
                0x00000988       0x50 spy/qf_time.o
 .debug_aranges
                0x000009d8       0x50 spy/qk.o
 .debug_aranges
                0x00000a28       0x30 spy/qk_mutex.o
 .debug_aranges
                0x00000a58       0xc8 spy/qs.o
 .debug_aranges
                0x00000b20       0x48 spy/qs_rx.o
 .debug_aranges
                0x00000b68       0x18 spy/qstamp.o

.debug_ranges   0x00000000      0xba0
 .debug_ranges  0x00000000       0x30 spy/qk_port.o
 .debug_ranges  0x00000030       0xb8 spy/bsp.o
 .debug_ranges  0x000000e8       0x10 spy/main.o
 .debug_ranges  0x000000f8       0x30 spy/philo.o
 .debug_ranges  0x00000128       0x60 spy/table.o
 .debug_ranges  0x00000188       0x58 spy/startup_stm32f4xx.o
 .debug_ranges  0x000001e0       0x18 spy/system_stm32f7xx.o
 .debug_ranges  0x000001f8      0x118 spy/stm32746g_discovery.o
 .debug_ranges  0x00000310       0xc0 spy/stm32f7xx_hal.o
 .debug_ranges  0x000003d0       0xc8 spy/stm32f7xx_hal_cortex.o
 .debug_ranges  0x00000498       0x60 spy/stm32f7xx_hal_gpio.o
 .debug_ranges  0x000004f8       0x70 spy/stm32f7xx_hal_pwr_ex.o
 .debug_ranges  0x00000568       0x78 spy/stm32f7xx_hal_rcc.o
 .debug_ranges  0x000005e0       0x18 spy/stm32f7xx_hal_msp.o
 .debug_ranges  0x000005f8      0x168 spy/stm32f7xx_hal_uart.o
 .debug_ranges  0x00000760       0x98 spy/qep_hsm.o
 .debug_ranges  0x000007f8       0x20 spy/qf_act.o
 .debug_ranges  0x00000818       0x50 spy/qf_actq.o
 .debug_ranges  0x00000868       0x30 spy/qf_dyn.o
 .debug_ranges  0x00000898       0x28 spy/qf_mem.o
 .debug_ranges  0x000008c0       0x48 spy/qf_ps.o
 .debug_ranges  0x00000908       0x10 spy/qf_qact.o
 .debug_ranges  0x00000918       0x40 spy/qf_qeq.o
 .debug_ranges  0x00000958       0x70 spy/qf_time.o
 .debug_ranges  0x000009c8       0x78 spy/qk.o
 .debug_ranges  0x00000a40       0x20 spy/qk_mutex.o
 .debug_ranges  0x00000a60       0xd0 spy/qs.o
 .debug_ranges  0x00000b30       0x70 spy/qs_rx.o

.debug_loc      0x00000000     0x6eb2
 .debug_loc     0x00000000      0x37a spy/bsp.o
 .debug_loc     0x0000037a       0x2c spy/main.o
 .debug_loc     0x000003a6      0x449 spy/philo.o
 .debug_loc     0x000007ef      0x633 spy/table.o
 .debug_loc     0x00000e22       0x8b spy/startup_stm32f4xx.o
 .debug_loc     0x00000ead      0x166 spy/system_stm32f7xx.o
 .debug_loc     0x00001013      0x89d spy/stm32746g_discovery.o
 .debug_loc     0x000018b0       0x6a spy/stm32f7xx_hal.o
 .debug_loc     0x0000191a      0x589 spy/stm32f7xx_hal_cortex.o
 .debug_loc     0x00001ea3      0x462 spy/stm32f7xx_hal_gpio.o
 .debug_loc     0x00002305      0x232 spy/stm32f7xx_hal_pwr_ex.o
 .debug_loc     0x00002537      0x616 spy/stm32f7xx_hal_rcc.o
 .debug_loc     0x00002b4d       0x42 spy/stm32f7xx_hal_msp.o
 .debug_loc     0x00002b8f     0x151c spy/stm32f7xx_hal_uart.o
 .debug_loc     0x000040ab      0x745 spy/qep_hsm.o
 .debug_loc     0x000047f0       0xa6 spy/qf_act.o
 .debug_loc     0x00004896      0x3cb spy/qf_actq.o
 .debug_loc     0x00004c61      0x29e spy/qf_dyn.o
 .debug_loc     0x00004eff      0x261 spy/qf_mem.o
 .debug_loc     0x00005160      0x279 spy/qf_ps.o
 .debug_loc     0x000053d9       0x58 spy/qf_qact.o
 .debug_loc     0x00005431      0x1ff spy/qf_qeq.o
 .debug_loc     0x00005630      0x39b spy/qf_time.o
 .debug_loc     0x000059cb      0x1f1 spy/qk.o
 .debug_loc     0x00005bbc       0x5a spy/qk_mutex.o
 .debug_loc     0x00005c16      0xede spy/qs.o
 .debug_loc     0x00006af4      0x3be spy/qs_rx.o

.debug_str      0x00000000     0x47c8
 .debug_str     0x00000000     0x2028 spy/bsp.o
                               0x2197 (size before relaxing)
 .debug_str     0x00002028       0x98 spy/main.o
                                0xa28 (size before relaxing)
 .debug_str     0x000020c0      0x1ca spy/philo.o
                                0xbd7 (size before relaxing)
 .debug_str     0x0000228a       0x5a spy/table.o
                                0xb7c (size before relaxing)
 .debug_str     0x000022e4      0x143 spy/startup_stm32f4xx.o
                                0x258 (size before relaxing)
 .debug_str     0x00002427      0x13d spy/system_stm32f7xx.o
                                0x47d (size before relaxing)
 .debug_str     0x00002564      0x770 spy/stm32746g_discovery.o
                               0x19d7 (size before relaxing)
 .debug_str     0x00002cd4      0x2c1 spy/stm32f7xx_hal.o
                                0xfdc (size before relaxing)
 .debug_str     0x00002f95      0x386 spy/stm32f7xx_hal_cortex.o
                               0x11e2 (size before relaxing)
 .debug_str     0x0000331b       0xfb spy/stm32f7xx_hal_gpio.o
                                0x944 (size before relaxing)
 .debug_str     0x00003416      0x21c spy/stm32f7xx_hal_pwr_ex.o
                                0xa93 (size before relaxing)
 .debug_str     0x00003632      0x1bc spy/stm32f7xx_hal_rcc.o
                                0xb12 (size before relaxing)
 .debug_str     0x000037ee       0x3e spy/stm32f7xx_hal_msp.o
                               0x1253 (size before relaxing)
 .debug_str     0x0000382c      0x555 spy/stm32f7xx_hal_uart.o
                               0x1256 (size before relaxing)
 .debug_str     0x00003d81       0xd4 spy/qep_hsm.o
                                0xad1 (size before relaxing)
 .debug_str     0x00003e55       0xc3 spy/qf_act.o
                                0x9f3 (size before relaxing)
 .debug_str     0x00003f18      0x100 spy/qf_actq.o
                                0xb07 (size before relaxing)
 .debug_str     0x00004018       0x91 spy/qf_dyn.o
                                0xa75 (size before relaxing)
 .debug_str     0x000040a9       0x4f spy/qf_mem.o
                                0xa50 (size before relaxing)
 .debug_str     0x000040f8       0x69 spy/qf_ps.o
                                0xb04 (size before relaxing)
 .debug_str     0x00004161       0x20 spy/qf_qact.o
                                0x3c4 (size before relaxing)
 .debug_str     0x00004181       0x60 spy/qf_qeq.o
                                0xa37 (size before relaxing)
 .debug_str     0x000041e1       0x72 spy/qf_time.o
                                0xace (size before relaxing)
 .debug_str     0x00004253       0x6b spy/qk.o
                                0xac7 (size before relaxing)
 .debug_str     0x000042be       0x2e spy/qk_mutex.o
                                0xa49 (size before relaxing)
 .debug_str     0x000042ec       0x90 spy/qs.o
                                0xab9 (size before relaxing)
 .debug_str     0x0000437c      0x42c spy/qs_rx.o
                                0xdf8 (size before relaxing)
 .debug_str     0x000047a8       0x20 spy/qstamp.o
                                0x444 (size before relaxing)

.debug_frame    0x00000000     0x1c98
 .debug_frame   0x00000000      0x1b4 spy/bsp.o
 .debug_frame   0x000001b4       0x3c spy/main.o
 .debug_frame   0x000001f0       0x94 spy/philo.o
 .debug_frame   0x00000284       0xa8 spy/table.o
 .debug_frame   0x0000032c       0xb0 spy/startup_stm32f4xx.o
 .debug_frame   0x000003dc       0x3c spy/system_stm32f7xx.o
 .debug_frame   0x00000418      0x35c spy/stm32746g_discovery.o
 .debug_frame   0x00000774      0x1a8 spy/stm32f7xx_hal.o
 .debug_frame   0x0000091c      0x15c spy/stm32f7xx_hal_cortex.o
 .debug_frame   0x00000a78       0xd4 spy/stm32f7xx_hal_gpio.o
 .debug_frame   0x00000b4c      0x14c spy/stm32f7xx_hal_pwr_ex.o
 .debug_frame   0x00000c98      0x148 spy/stm32f7xx_hal_rcc.o
 .debug_frame   0x00000de0       0x48 spy/stm32f7xx_hal_msp.o
 .debug_frame   0x00000e28      0x458 spy/stm32f7xx_hal_uart.o
 .debug_frame   0x00001280       0xcc spy/qep_hsm.o
 .debug_frame   0x0000134c       0x58 spy/qf_act.o
 .debug_frame   0x000013a4       0xfc spy/qf_actq.o
 .debug_frame   0x000014a0       0x94 spy/qf_dyn.o
 .debug_frame   0x00001534       0x80 spy/qf_mem.o
 .debug_frame   0x000015b4       0xb4 spy/qf_ps.o
 .debug_frame   0x00001668       0x2c spy/qf_qact.o
 .debug_frame   0x00001694       0x80 spy/qf_qeq.o
 .debug_frame   0x00001714       0xe0 spy/qf_time.o
 .debug_frame   0x000017f4       0xd0 spy/qk.o
 .debug_frame   0x000018c4       0x50 spy/qk_mutex.o
 .debug_frame   0x00001914      0x2e4 spy/qs.o
 .debug_frame   0x00001bf8       0xa0 spy/qs_rx.o

Cross Reference Table

Symbol                                            File
ADC_IRQHandler                                    spy/startup_stm32f4xx.o
AHBPrescTable                                     spy/system_stm32f7xx.o
                                                  spy/stm32f7xx_hal_rcc.o
AO_Philo                                          spy/philo.o
                                                  spy/main.o
                                                  spy/bsp.o
AO_Table                                          spy/table.o
                                                  spy/philo.o
                                                  spy/main.o
APBPrescTable                                     spy/system_stm32f7xx.o
                                                  spy/stm32f7xx_hal_rcc.o
AUDIO_IO_DeInit                                   spy/stm32746g_discovery.o
AUDIO_IO_Delay                                    spy/stm32746g_discovery.o
AUDIO_IO_Init                                     spy/stm32746g_discovery.o
AUDIO_IO_Read                                     spy/stm32746g_discovery.o
AUDIO_IO_Write                                    spy/stm32746g_discovery.o
BSP_COM_DeInit                                    spy/stm32746g_discovery.o
BSP_COM_Init                                      spy/stm32746g_discovery.o
BSP_GetVersion                                    spy/stm32746g_discovery.o
BSP_LED_DeInit                                    spy/stm32746g_discovery.o
BSP_LED_Init                                      spy/stm32746g_discovery.o
                                                  spy/bsp.o
BSP_LED_Off                                       spy/stm32746g_discovery.o
                                                  spy/bsp.o
BSP_LED_On                                        spy/stm32746g_discovery.o
                                                  spy/bsp.o
BSP_LED_Toggle                                    spy/stm32746g_discovery.o
BSP_PB_DeInit                                     spy/stm32746g_discovery.o
BSP_PB_GetState                                   spy/stm32746g_discovery.o
                                                  spy/bsp.o
BSP_PB_Init                                       spy/stm32746g_discovery.o
                                                  spy/bsp.o
BSP_displayPaused                                 spy/bsp.o
                                                  spy/table.o
BSP_displayPhilStat                               spy/bsp.o
                                                  spy/table.o
BSP_init                                          spy/bsp.o
                                                  spy/main.o
BSP_random                                        spy/bsp.o
                                                  spy/philo.o
BSP_randomSeed                                    spy/bsp.o
BSP_terminate                                     spy/bsp.o
BUTTON_IRQn                                       spy/stm32746g_discovery.o
BUTTON_PIN                                        spy/stm32746g_discovery.o
BUTTON_PORT                                       spy/stm32746g_discovery.o
BusFault_Handler                                  spy/startup_stm32f4xx.o
CAMERA_Delay                                      spy/stm32746g_discovery.o
CAMERA_IO_Init                                    spy/stm32746g_discovery.o
CAMERA_IO_Read                                    spy/stm32746g_discovery.o
CAMERA_IO_Write                                   spy/stm32746g_discovery.o
CAN1_RX0_IRQHandler                               spy/startup_stm32f4xx.o
CAN1_RX1_IRQHandler                               spy/startup_stm32f4xx.o
CAN1_SCE_IRQHandler                               spy/startup_stm32f4xx.o
CAN1_TX_IRQHandler                                spy/startup_stm32f4xx.o
CAN2_RX0_IRQHandler                               spy/startup_stm32f4xx.o
CAN2_RX1_IRQHandler                               spy/startup_stm32f4xx.o
CAN2_SCE_IRQHandler                               spy/startup_stm32f4xx.o
CAN2_TX_IRQHandler                                spy/startup_stm32f4xx.o
CEC_IRQHandler                                    spy/startup_stm32f4xx.o
COM_RX_AF                                         spy/stm32746g_discovery.o
COM_RX_PIN                                        spy/stm32746g_discovery.o
COM_RX_PORT                                       spy/stm32746g_discovery.o
COM_TX_AF                                         spy/stm32746g_discovery.o
COM_TX_PIN                                        spy/stm32746g_discovery.o
COM_TX_PORT                                       spy/stm32746g_discovery.o
COM_USART                                         spy/stm32746g_discovery.o
DCMI_IRQHandler                                   spy/startup_stm32f4xx.o
DMA1_Stream0_IRQHandler                           spy/startup_stm32f4xx.o
DMA1_Stream1_IRQHandler                           spy/startup_stm32f4xx.o
DMA1_Stream2_IRQHandler                           spy/startup_stm32f4xx.o
DMA1_Stream3_IRQHandler                           spy/startup_stm32f4xx.o
DMA1_Stream4_IRQHandler                           spy/startup_stm32f4xx.o
DMA1_Stream5_IRQHandler                           spy/startup_stm32f4xx.o
DMA1_Stream6_IRQHandler                           spy/startup_stm32f4xx.o
DMA1_Stream7_IRQHandler                           spy/startup_stm32f4xx.o
DMA2D_IRQHandler                                  spy/startup_stm32f4xx.o
DMA2_Stream0_IRQHandler                           spy/startup_stm32f4xx.o
DMA2_Stream1_IRQHandler                           spy/startup_stm32f4xx.o
DMA2_Stream2_IRQHandler                           spy/startup_stm32f4xx.o
DMA2_Stream3_IRQHandler                           spy/startup_stm32f4xx.o
DMA2_Stream4_IRQHandler                           spy/startup_stm32f4xx.o
DMA2_Stream5_IRQHandler                           spy/startup_stm32f4xx.o
DMA2_Stream6_IRQHandler                           spy/startup_stm32f4xx.o
DMA2_Stream7_IRQHandler                           spy/startup_stm32f4xx.o
DebugMon_Handler                                  spy/startup_stm32f4xx.o
Default_Handler                                   spy/startup_stm32f4xx.o
EEPROM_IO_Init                                    spy/stm32746g_discovery.o
EEPROM_IO_IsDeviceReady                           spy/stm32746g_discovery.o
EEPROM_IO_ReadData                                spy/stm32746g_discovery.o
EEPROM_IO_WriteData                               spy/stm32746g_discovery.o
ETH_IRQHandler                                    spy/startup_stm32f4xx.o
ETH_WKUP_IRQHandler                               spy/startup_stm32f4xx.o
EXTI0_IRQHandler                                  spy/startup_stm32f4xx.o
EXTI15_10_IRQHandler                              spy/startup_stm32f4xx.o
EXTI1_IRQHandler                                  spy/startup_stm32f4xx.o
EXTI2_IRQHandler                                  spy/startup_stm32f4xx.o
EXTI3_IRQHandler                                  spy/startup_stm32f4xx.o
EXTI4_IRQHandler                                  spy/startup_stm32f4xx.o
EXTI9_5_IRQHandler                                spy/startup_stm32f4xx.o
FLASH_IRQHandler                                  spy/startup_stm32f4xx.o
FMC_IRQHandler                                    spy/startup_stm32f4xx.o
FPU_IRQHandler                                    spy/startup_stm32f4xx.o
GPIO_PIN                                          spy/stm32746g_discovery.o
HAL_DBGMCU_DisableDBGSleepMode                    spy/stm32f7xx_hal.o
HAL_DBGMCU_DisableDBGStandbyMode                  spy/stm32f7xx_hal.o
HAL_DBGMCU_DisableDBGStopMode                     spy/stm32f7xx_hal.o
HAL_DBGMCU_EnableDBGSleepMode                     spy/stm32f7xx_hal.o
HAL_DBGMCU_EnableDBGStandbyMode                   spy/stm32f7xx_hal.o
HAL_DBGMCU_EnableDBGStopMode                      spy/stm32f7xx_hal.o
HAL_DMA_Abort                                     spy/stm32f7xx_hal_uart.o
HAL_DMA_Abort_IT                                  spy/stm32f7xx_hal_uart.o
HAL_DMA_Start_IT                                  spy/stm32f7xx_hal_uart.o
HAL_DeInit                                        spy/stm32f7xx_hal.o
HAL_Delay                                         spy/stm32f7xx_hal.o
                                                  spy/stm32746g_discovery.o
HAL_DisableCompensationCell                       spy/stm32f7xx_hal.o
HAL_DisableFMCMemorySwapping                      spy/stm32f7xx_hal.o
HAL_EnableCompensationCell                        spy/stm32f7xx_hal.o
HAL_EnableFMCMemorySwapping                       spy/stm32f7xx_hal.o
HAL_GPIO_DeInit                                   spy/stm32f7xx_hal_gpio.o
                                                  spy/stm32f7xx_hal_msp.o
                                                  spy/stm32746g_discovery.o
HAL_GPIO_EXTI_Callback                            spy/stm32f7xx_hal_gpio.o
HAL_GPIO_EXTI_IRQHandler                          spy/stm32f7xx_hal_gpio.o
HAL_GPIO_Init                                     spy/stm32f7xx_hal_gpio.o
                                                  spy/stm32f7xx_hal_msp.o
                                                  spy/stm32f7xx_hal_rcc.o
                                                  spy/stm32746g_discovery.o
HAL_GPIO_LockPin                                  spy/stm32f7xx_hal_gpio.o
HAL_GPIO_ReadPin                                  spy/stm32f7xx_hal_gpio.o
                                                  spy/stm32746g_discovery.o
HAL_GPIO_TogglePin                                spy/stm32f7xx_hal_gpio.o
                                                  spy/stm32746g_discovery.o
HAL_GPIO_WritePin                                 spy/stm32f7xx_hal_gpio.o
                                                  spy/stm32746g_discovery.o
HAL_GetDEVID                                      spy/stm32f7xx_hal.o
HAL_GetHalVersion                                 spy/stm32f7xx_hal.o
HAL_GetREVID                                      spy/stm32f7xx_hal.o
HAL_GetTick                                       spy/stm32f7xx_hal.o
                                                  spy/stm32f7xx_hal_uart.o
                                                  spy/stm32f7xx_hal_rcc_ex.o
                                                  spy/stm32f7xx_hal_rcc.o
                                                  spy/stm32f7xx_hal_pwr_ex.o
HAL_HalfDuplex_EnableReceiver                     spy/stm32f7xx_hal_uart.o
HAL_HalfDuplex_EnableTransmitter                  spy/stm32f7xx_hal_uart.o
HAL_HalfDuplex_Init                               spy/stm32f7xx_hal_uart.o
HAL_I2C_DeInit                                    spy/stm32746g_discovery.o
HAL_I2C_GetState                                  spy/stm32746g_discovery.o
HAL_I2C_Init                                      spy/stm32746g_discovery.o
HAL_I2C_IsDeviceReady                             spy/stm32746g_discovery.o
HAL_I2C_Mem_Read                                  spy/stm32746g_discovery.o
HAL_I2C_Mem_Write                                 spy/stm32746g_discovery.o
HAL_IncTick                                       spy/stm32f7xx_hal.o
HAL_Init                                          spy/stm32f7xx_hal.o
HAL_InitTick                                      spy/stm32f7xx_hal.o
                                                  spy/stm32f7xx_hal_rcc.o
HAL_LIN_Init                                      spy/stm32f7xx_hal_uart.o
HAL_LIN_SendBreak                                 spy/stm32f7xx_hal_uart.o
HAL_MPU_ConfigRegion                              spy/stm32f7xx_hal_cortex.o
HAL_MPU_Disable                                   spy/stm32f7xx_hal_cortex.o
HAL_MPU_Enable                                    spy/stm32f7xx_hal_cortex.o
HAL_MspDeInit                                     spy/stm32f7xx_hal.o
HAL_MspInit                                       spy/stm32f7xx_hal.o
HAL_MultiProcessorEx_AddressLength_Set            spy/stm32f7xx_hal_uart.o
HAL_MultiProcessor_DisableMuteMode                spy/stm32f7xx_hal_uart.o
HAL_MultiProcessor_EnableMuteMode                 spy/stm32f7xx_hal_uart.o
HAL_MultiProcessor_EnterMuteMode                  spy/stm32f7xx_hal_uart.o
HAL_MultiProcessor_Init                           spy/stm32f7xx_hal_uart.o
HAL_NVIC_ClearPendingIRQ                          spy/stm32f7xx_hal_cortex.o
HAL_NVIC_DisableIRQ                               spy/stm32f7xx_hal_cortex.o
                                                  spy/stm32f7xx_hal_msp.o
                                                  spy/stm32746g_discovery.o
HAL_NVIC_EnableIRQ                                spy/stm32f7xx_hal_cortex.o
                                                  spy/stm32f7xx_hal_msp.o
                                                  spy/stm32746g_discovery.o
HAL_NVIC_GetActive                                spy/stm32f7xx_hal_cortex.o
HAL_NVIC_GetPendingIRQ                            spy/stm32f7xx_hal_cortex.o
HAL_NVIC_GetPriority                              spy/stm32f7xx_hal_cortex.o
HAL_NVIC_GetPriorityGrouping                      spy/stm32f7xx_hal_cortex.o
HAL_NVIC_SetPendingIRQ                            spy/stm32f7xx_hal_cortex.o
HAL_NVIC_SetPriority                              spy/stm32f7xx_hal_cortex.o
                                                  spy/stm32f7xx_hal_msp.o
                                                  spy/stm32f7xx_hal.o
                                                  spy/stm32746g_discovery.o
HAL_NVIC_SetPriorityGrouping                      spy/stm32f7xx_hal_cortex.o
                                                  spy/stm32f7xx_hal.o
HAL_NVIC_SystemReset                              spy/stm32f7xx_hal_cortex.o
HAL_PWREx_ControlVoltageScaling                   spy/stm32f7xx_hal_pwr_ex.o
HAL_PWREx_DisableBkUpReg                          spy/stm32f7xx_hal_pwr_ex.o
HAL_PWREx_DisableFlashPowerDown                   spy/stm32f7xx_hal_pwr_ex.o
HAL_PWREx_DisableLowRegulatorLowVoltage           spy/stm32f7xx_hal_pwr_ex.o
HAL_PWREx_DisableMainRegulatorLowVoltage          spy/stm32f7xx_hal_pwr_ex.o
HAL_PWREx_DisableOverDrive                        spy/stm32f7xx_hal_pwr_ex.o
HAL_PWREx_EnableBkUpReg                           spy/stm32f7xx_hal_pwr_ex.o
HAL_PWREx_EnableFlashPowerDown                    spy/stm32f7xx_hal_pwr_ex.o
HAL_PWREx_EnableLowRegulatorLowVoltage            spy/stm32f7xx_hal_pwr_ex.o
HAL_PWREx_EnableMainRegulatorLowVoltage           spy/stm32f7xx_hal_pwr_ex.o
HAL_PWREx_EnableOverDrive                         spy/stm32f7xx_hal_pwr_ex.o
                                                  spy/bsp.o
HAL_PWREx_EnterUnderDriveSTOPMode                 spy/stm32f7xx_hal_pwr_ex.o
HAL_PWREx_GetVoltageRange                         spy/stm32f7xx_hal_pwr_ex.o
HAL_RCCEx_GetPeriphCLKConfig                      spy/stm32f7xx_hal_rcc_ex.o
HAL_RCCEx_GetPeriphCLKFreq                        spy/stm32f7xx_hal_rcc_ex.o
HAL_RCCEx_PeriphCLKConfig                         spy/stm32f7xx_hal_rcc_ex.o
HAL_RCC_CSSCallback                               spy/stm32f7xx_hal_rcc.o
HAL_RCC_ClockConfig                               spy/stm32f7xx_hal_rcc.o
                                                  spy/bsp.o
HAL_RCC_DeInit                                    spy/stm32f7xx_hal_rcc.o
HAL_RCC_DisableCSS                                spy/stm32f7xx_hal_rcc.o
HAL_RCC_EnableCSS                                 spy/stm32f7xx_hal_rcc.o
HAL_RCC_GetClockConfig                            spy/stm32f7xx_hal_rcc.o
HAL_RCC_GetHCLKFreq                               spy/stm32f7xx_hal_rcc.o
HAL_RCC_GetOscConfig                              spy/stm32f7xx_hal_rcc.o
HAL_RCC_GetPCLK1Freq                              spy/stm32f7xx_hal_rcc.o
                                                  spy/stm32f7xx_hal_uart.o
HAL_RCC_GetPCLK2Freq                              spy/stm32f7xx_hal_rcc.o
                                                  spy/stm32f7xx_hal_uart.o
HAL_RCC_GetSysClockFreq                           spy/stm32f7xx_hal_rcc.o
                                                  spy/stm32f7xx_hal_uart.o
HAL_RCC_MCOConfig                                 spy/stm32f7xx_hal_rcc.o
HAL_RCC_NMI_IRQHandler                            spy/stm32f7xx_hal_rcc.o
HAL_RCC_OscConfig                                 spy/stm32f7xx_hal_rcc.o
                                                  spy/bsp.o
HAL_RS485Ex_Init                                  spy/stm32f7xx_hal_uart.o
HAL_ResumeTick                                    spy/stm32f7xx_hal.o
HAL_SYSTICK_CLKSourceConfig                       spy/stm32f7xx_hal_cortex.o
HAL_SYSTICK_Callback                              spy/stm32f7xx_hal_cortex.o
HAL_SYSTICK_Config                                spy/stm32f7xx_hal_cortex.o
                                                  spy/stm32f7xx_hal.o
HAL_SYSTICK_IRQHandler                            spy/stm32f7xx_hal_cortex.o
HAL_SuspendTick                                   spy/stm32f7xx_hal.o
HAL_UART_DMAPause                                 spy/stm32f7xx_hal_uart.o
HAL_UART_DMAResume                                spy/stm32f7xx_hal_uart.o
HAL_UART_DMAStop                                  spy/stm32f7xx_hal_uart.o
HAL_UART_DeInit                                   spy/stm32f7xx_hal_uart.o
                                                  spy/stm32746g_discovery.o
HAL_UART_ErrorCallback                            spy/stm32f7xx_hal_uart.o
HAL_UART_GetError                                 spy/stm32f7xx_hal_uart.o
HAL_UART_GetState                                 spy/stm32f7xx_hal_uart.o
HAL_UART_IRQHandler                               spy/stm32f7xx_hal_uart.o
HAL_UART_Init                                     spy/stm32f7xx_hal_uart.o
                                                  spy/stm32746g_discovery.o
                                                  spy/bsp.o
HAL_UART_MspDeInit                                spy/stm32f7xx_hal_msp.o
HAL_UART_MspInit                                  spy/stm32f7xx_hal_msp.o
HAL_UART_Receive                                  spy/stm32f7xx_hal_uart.o
HAL_UART_Receive_DMA                              spy/stm32f7xx_hal_uart.o
HAL_UART_Receive_IT                               spy/stm32f7xx_hal_uart.o
                                                  spy/bsp.o
HAL_UART_RxCpltCallback                           spy/bsp.o
HAL_UART_RxHalfCpltCallback                       spy/stm32f7xx_hal_uart.o
HAL_UART_Transmit                                 spy/stm32f7xx_hal_uart.o
HAL_UART_Transmit_DMA                             spy/stm32f7xx_hal_uart.o
HAL_UART_Transmit_IT                              spy/stm32f7xx_hal_uart.o
HAL_UART_TxCpltCallback                           spy/stm32f7xx_hal_uart.o
HAL_UART_TxHalfCpltCallback                       spy/stm32f7xx_hal_uart.o
HardFault_Handler                                 spy/startup_stm32f4xx.o
I2C1_ER_IRQHandler                                spy/startup_stm32f4xx.o
I2C1_EV_IRQHandler                                spy/startup_stm32f4xx.o
I2C2_ER_IRQHandler                                spy/startup_stm32f4xx.o
I2C2_EV_IRQHandler                                spy/startup_stm32f4xx.o
I2C3_ER_IRQHandler                                spy/startup_stm32f4xx.o
I2C3_EV_IRQHandler                                spy/startup_stm32f4xx.o
I2C4_ER_IRQHandler                                spy/startup_stm32f4xx.o
I2C4_EV_IRQHandler                                spy/startup_stm32f4xx.o
LPTIM1_IRQHandler                                 spy/startup_stm32f4xx.o
LTDC_ER_IRQHandler                                spy/startup_stm32f4xx.o
LTDC_IRQHandler                                   spy/startup_stm32f4xx.o
MemManage_Handler                                 spy/startup_stm32f4xx.o
NMI_Handler                                       spy/qk_port.o
OTG_FS_IRQHandler                                 spy/startup_stm32f4xx.o
OTG_FS_WKUP_IRQHandler                            spy/startup_stm32f4xx.o
OTG_HS_EP1_IN_IRQHandler                          spy/startup_stm32f4xx.o
OTG_HS_EP1_OUT_IRQHandler                         spy/startup_stm32f4xx.o
OTG_HS_IRQHandler                                 spy/startup_stm32f4xx.o
OTG_HS_WKUP_IRQHandler                            spy/startup_stm32f4xx.o
PVD_IRQHandler                                    spy/startup_stm32f4xx.o
PendSV_Handler                                    spy/qk_port.o
Philo_ctor                                        spy/philo.o
                                                  spy/main.o
QActive_ctor                                      spy/qf_qact.o
                                                  spy/qf_actq.o
                                                  spy/table.o
                                                  spy/philo.o
QActive_defer                                     spy/qf_defer.o
QActive_flushDeferred                             spy/qf_defer.o
QActive_get_                                      spy/qf_actq.o
                                                  spy/qk.o
QActive_postLIFO_                                 spy/qf_actq.o
                                                  spy/qf_qmact.o
                                                  spy/qf_qact.o
QActive_post_                                     spy/qf_actq.o
                                                  spy/qf_qmact.o
                                                  spy/qf_qact.o
QActive_recall                                    spy/qf_defer.o
QActive_start_                                    spy/qk.o
                                                  spy/qf_qmact.o
                                                  spy/qf_qact.o
                                                  spy/qf_actq.o
QActive_stop                                      spy/qk.o
QActive_subscribe                                 spy/qf_ps.o
                                                  spy/table.o
                                                  spy/philo.o
QActive_unsubscribe                               spy/qf_ps.o
QActive_unsubscribeAll                            spy/qf_ps.o
QEQueue_get                                       spy/qf_qeq.o
                                                  spy/qf_defer.o
QEQueue_init                                      spy/qf_qeq.o
                                                  spy/qk.o
QEQueue_post                                      spy/qf_qeq.o
                                                  spy/qf_defer.o
QEQueue_postLIFO                                  spy/qf_qeq.o
QF_active_                                        spy/qf_act.o
                                                  spy/qs_rx.o
                                                  spy/qk.o
                                                  spy/qf_ps.o
                                                  spy/qf_actq.o
QF_add_                                           spy/qf_act.o
                                                  spy/qk.o
QF_bzero                                          spy/qf_act.o
                                                  spy/qk.o
                                                  spy/qf_qmact.o
                                                  spy/qf_qact.o
                                                  spy/qf_ps.o
QF_gc                                             spy/qf_dyn.o
                                                  spy/qs_rx.o
                                                  spy/qk.o
                                                  spy/qf_ps.o
                                                  spy/qf_defer.o
                                                  spy/qf_actq.o
QF_getPoolMin                                     spy/qf_mem.o
QF_getQueueMin                                    spy/qf_actq.o
QF_init                                           spy/qk.o
                                                  spy/main.o
QF_maxPool_                                       spy/qf_dyn.o
                                                  spy/qk.o
                                                  spy/qf_mem.o
QF_maxPubSignal_                                  spy/qf_ps.o
                                                  spy/qk.o
QF_newRef_                                        spy/qf_dyn.o
QF_newX_                                          spy/qf_dyn.o
                                                  spy/qs_rx.o
                                                  spy/table.o
                                                  spy/philo.o
QF_noTimeEvtsActiveX                              spy/qf_time.o
QF_onCleanup                                      spy/bsp.o
                                                  spy/qk.o
QF_onStartup                                      spy/bsp.o
                                                  spy/qk.o
QF_poolGetMaxBlockSize                            spy/qf_dyn.o
                                                  spy/qs_rx.o
QF_poolInit                                       spy/qf_dyn.o
                                                  spy/main.o
QF_pool_                                          spy/qf_dyn.o
                                                  spy/qf_mem.o
QF_psInit                                         spy/qf_ps.o
                                                  spy/main.o
QF_publish_                                       spy/qf_ps.o
                                                  spy/qs_rx.o
                                                  spy/table.o
                                                  spy/philo.o
                                                  spy/bsp.o
QF_remove_                                        spy/qf_act.o
                                                  spy/qk.o
QF_run                                            spy/qk.o
                                                  spy/main.o
QF_stop                                           spy/qk.o
QF_subscrList_                                    spy/qf_ps.o
                                                  spy/qk.o
QF_tickX_                                         spy/qf_time.o
                                                  spy/qs_rx.o
                                                  spy/qf_actq.o
                                                  spy/bsp.o
QF_timeEvtHead_                                   spy/qf_time.o
                                                  spy/qk.o
QHsm_childState_                                  spy/qep_hsm.o
QHsm_ctor                                         spy/qep_hsm.o
                                                  spy/qf_qact.o
QHsm_dispatch_                                    spy/qep_hsm.o
                                                  spy/qf_qact.o
QHsm_init_                                        spy/qep_hsm.o
                                                  spy/qf_qact.o
QHsm_isIn                                         spy/qep_hsm.o
QHsm_top                                          spy/qep_hsm.o
                                                  spy/table.o
                                                  spy/philo.o
QK_activate_                                      spy/qk.o
                                                  spy/qk_mutex.o
                                                  spy/qf_actq.o
                                                  spy/qk_port.o
QK_attr_                                          spy/qk.o
                                                  spy/qk_mutex.o
                                                  spy/qf_actq.o
QK_init                                           spy/qk_port.o
                                                  spy/qk.o
QK_onIdle                                         spy/bsp.o
                                                  spy/qk.o
QK_sched_                                         spy/qk.o
                                                  spy/qk_mutex.o
                                                  spy/qf_actq.o
                                                  spy/bsp.o
QMActive_ctor                                     spy/qf_qmact.o
QMPool_get                                        spy/qf_mem.o
                                                  spy/qf_dyn.o
QMPool_init                                       spy/qf_mem.o
                                                  spy/qf_dyn.o
QMPool_put                                        spy/qf_mem.o
                                                  spy/qf_dyn.o
QMsm_childStateObj_                               spy/qep_msm.o
QMsm_ctor                                         spy/qep_msm.o
                                                  spy/qf_qmact.o
QMsm_dispatch_                                    spy/qep_msm.o
                                                  spy/qf_qmact.o
QMsm_execTatbl_                                   spy/qep_msm.o
QMsm_init_                                        spy/qep_msm.o
                                                  spy/qf_qmact.o
QMsm_isInState                                    spy/qep_msm.o
QMutex_init                                       spy/qk_mutex.o
                                                  spy/qf_ps.o
                                                  spy/bsp.o
QMutex_lock                                       spy/qk_mutex.o
                                                  spy/qf_ps.o
                                                  spy/bsp.o
QMutex_unlock                                     spy/qk_mutex.o
                                                  spy/qf_ps.o
                                                  spy/bsp.o
QP_versionStr                                     spy/qep_msm.o
QS_beginRec                                       spy/qs.o
                                                  spy/qs_rx.o
                                                  spy/qk_mutex.o
                                                  spy/qk.o
                                                  spy/qf_time.o
                                                  spy/qf_qeq.o
                                                  spy/qf_ps.o
                                                  spy/qf_mem.o
                                                  spy/qf_dyn.o
                                                  spy/qf_actq.o
                                                  spy/qf_act.o
                                                  spy/qep_msm.o
                                                  spy/qep_hsm.o
                                                  spy/bsp.o
QS_endRec                                         spy/qs.o
                                                  spy/qs_rx.o
                                                  spy/qk_mutex.o
                                                  spy/qk.o
                                                  spy/qf_time.o
                                                  spy/qf_qeq.o
                                                  spy/qf_ps.o
                                                  spy/qf_mem.o
                                                  spy/qf_dyn.o
                                                  spy/qf_actq.o
                                                  spy/qf_act.o
                                                  spy/qep_msm.o
                                                  spy/qep_hsm.o
                                                  spy/bsp.o
QS_f32                                            spy/qs_fp.o
QS_f64                                            spy/qs_fp.o
QS_filterOff                                      spy/qs.o
QS_filterOn                                       spy/qs.o
                                                  spy/bsp.o
QS_fun_dict                                       spy/qs.o
                                                  spy/table.o
                                                  spy/philo.o
QS_getBlock                                       spy/qs.o
QS_getByte                                        spy/qs.o
                                                  spy/bsp.o
QS_initBuf                                        spy/qs.o
                                                  spy/bsp.o
QS_mem                                            spy/qs.o
QS_obj_dict                                       spy/qs.o
                                                  spy/table.o
                                                  spy/philo.o
                                                  spy/main.o
                                                  spy/bsp.o
QS_onCleanup                                      spy/bsp.o
QS_onCommand                                      spy/bsp.o
                                                  spy/qs_rx.o
QS_onFlush                                        spy/bsp.o
                                                  spy/qs.o
                                                  spy/qk.o
QS_onGetTime                                      spy/bsp.o
                                                  spy/qs_rx.o
                                                  spy/qk_mutex.o
                                                  spy/qk.o
                                                  spy/qf_time.o
                                                  spy/qf_qeq.o
                                                  spy/qf_ps.o
                                                  spy/qf_mem.o
                                                  spy/qf_dyn.o
                                                  spy/qf_actq.o
                                                  spy/qf_act.o
                                                  spy/qep_msm.o
                                                  spy/qep_hsm.o
QS_onReset                                        spy/bsp.o
                                                  spy/qs_rx.o
QS_onStartup                                      spy/bsp.o
QS_priv_                                          spy/qs.o
                                                  spy/qs_fp.o
                                                  spy/qs_rx.o
                                                  spy/qk_mutex.o
                                                  spy/qk.o
                                                  spy/qf_time.o
                                                  spy/qf_qeq.o
                                                  spy/qf_ps.o
                                                  spy/qf_mem.o
                                                  spy/qf_dyn.o
                                                  spy/qf_actq.o
                                                  spy/qf_act.o
                                                  spy/qep_msm.o
                                                  spy/qep_hsm.o
                                                  spy/table.o
                                                  spy/philo.o
                                                  spy/main.o
                                                  spy/bsp.o
QS_rxGetNfree                                     spy/qs_rx.o
QS_rxInitBuf                                      spy/qs_rx.o
                                                  spy/bsp.o
QS_rxParse                                        spy/qs_rx.o
                                                  spy/bsp.o
QS_rxPriv_                                        spy/qs_rx.o
                                                  spy/bsp.o
QS_sig_dict                                       spy/qs.o
                                                  spy/table.o
                                                  spy/philo.o
QS_str                                            spy/qs.o
                                                  spy/bsp.o
QS_str_                                           spy/qs.o
                                                  spy/qs_rx.o
                                                  spy/bsp.o
QS_target_info_                                   spy/qs.o
                                                  spy/qs_rx.o
QS_tickPeriod_                                    spy/bsp.o
QS_tickTime_                                      spy/bsp.o
QS_u16                                            spy/qs.o
QS_u16_                                           spy/qs.o
                                                  spy/qf_time.o
                                                  spy/qf_qeq.o
                                                  spy/qf_ps.o
                                                  spy/qf_mem.o
                                                  spy/qf_dyn.o
                                                  spy/qf_actq.o
                                                  spy/qep_msm.o
                                                  spy/qep_hsm.o
                                                  spy/bsp.o
QS_u32                                            spy/qs.o
                                                  spy/bsp.o
QS_u32_                                           spy/qs.o
                                                  spy/qs_rx.o
                                                  spy/qk_mutex.o
                                                  spy/qk.o
                                                  spy/qf_time.o
                                                  spy/qf_qeq.o
                                                  spy/qf_ps.o
                                                  spy/qf_mem.o
                                                  spy/qf_dyn.o
                                                  spy/qf_actq.o
                                                  spy/qf_act.o
                                                  spy/qep_msm.o
                                                  spy/qep_hsm.o
                                                  spy/bsp.o
QS_u8                                             spy/qs.o
                                                  spy/bsp.o
QS_u8_                                            spy/qs.o
                                                  spy/qs_rx.o
                                                  spy/qk.o
                                                  spy/qf_time.o
                                                  spy/qf_qeq.o
                                                  spy/qf_actq.o
                                                  spy/qf_act.o